# twinless hold3: Ramza roster slot 0, rh=71; band baseline 25088 bytes, release when >1254 bytes change (construction rewrite)
06:56:54.845 battleMode: None -> 0
06:56:54.845 off-hand: None -> 71 (mode=0, clears=0)
06:56:54.947 off-hand: 71 -> 255 (mode=0, clears=2)
06:56:56.474 off-hand: 255 -> 71 (mode=0, clears=2)
06:56:56.525 off-hand: 71 -> 255 (mode=0, clears=3)
06:56:57.951 off-hand: 255 -> 71 (mode=0, clears=3)
06:56:58.001 off-hand: 71 -> 255 (mode=0, clears=4)
06:56:59.529 off-hand: 255 -> 71 (mode=0, clears=4)
06:56:59.580 off-hand: 71 -> 255 (mode=0, clears=5)
06:57:01.055 off-hand: 255 -> 71 (mode=0, clears=5)
06:57:01.107 off-hand: 71 -> 255 (mode=0, clears=6)
06:57:02.582 off-hand: 255 -> 71 (mode=0, clears=6)
06:57:02.633 off-hand: 71 -> 255 (mode=0, clears=7)
06:57:04.108 off-hand: 255 -> 71 (mode=0, clears=7)
06:57:04.159 off-hand: 71 -> 255 (mode=0, clears=8)
06:57:05.634 off-hand: 255 -> 71 (mode=0, clears=8)
06:57:05.686 off-hand: 71 -> 255 (mode=0, clears=9)
06:57:07.162 off-hand: 255 -> 71 (mode=0, clears=9)
06:57:07.213 off-hand: 71 -> 255 (mode=0, clears=10)
06:57:08.688 off-hand: 255 -> 71 (mode=0, clears=10)
06:57:08.739 off-hand: 71 -> 255 (mode=0, clears=11)
06:57:10.214 off-hand: 255 -> 71 (mode=0, clears=11)
06:57:10.265 off-hand: 71 -> 255 (mode=0, clears=12)
06:57:11.691 off-hand: 255 -> 71 (mode=0, clears=12)
06:57:11.742 off-hand: 71 -> 255 (mode=0, clears=13)
06:57:13.217 off-hand: 255 -> 71 (mode=0, clears=13)
06:57:13.268 off-hand: 71 -> 255 (mode=0, clears=14)
06:57:14.694 off-hand: 255 -> 71 (mode=0, clears=14)
06:57:14.745 off-hand: 71 -> 255 (mode=0, clears=15)
06:57:16.171 off-hand: 255 -> 71 (mode=0, clears=15)
06:57:16.222 off-hand: 71 -> 255 (mode=0, clears=16)
06:57:17.706 off-hand: 255 -> 71 (mode=0, clears=16)
06:57:17.757 off-hand: 71 -> 255 (mode=0, clears=17)
06:57:19.235 off-hand: 255 -> 71 (mode=0, clears=17)
06:57:19.286 off-hand: 71 -> 255 (mode=0, clears=18)
06:57:20.767 off-hand: 255 -> 71 (mode=0, clears=18)
06:57:20.818 off-hand: 71 -> 255 (mode=0, clears=19)
06:57:22.242 off-hand: 255 -> 71 (mode=0, clears=19)
06:57:22.293 off-hand: 71 -> 255 (mode=0, clears=20)
06:57:23.766 off-hand: 255 -> 71 (mode=0, clears=20)
06:57:23.817 off-hand: 71 -> 255 (mode=0, clears=21)
06:57:25.242 off-hand: 255 -> 71 (mode=0, clears=21)
06:57:25.293 off-hand: 71 -> 255 (mode=0, clears=22)
06:57:26.770 off-hand: 255 -> 71 (mode=0, clears=22)
06:57:26.821 off-hand: 71 -> 255 (mode=0, clears=23)
06:57:27.484 CONSTRUCTION REWRITE SEEN (1740 band bytes changed, mode=0): HOLD RELEASED after 23 clears; watching read-only
06:57:28.291 off-hand: 255 -> 71 (mode=0, supp=477)
06:58:21.217 off-hand: 71 -> 255 (mode=0, supp=477)
06:58:23.486 off-hand: 255 -> 71 (mode=0, supp=477)
06:59:57.522 watch window over
