# twinless hold: Ramza roster slot 0, rh=71, holding off-hand EMPTY until battleMode != 0
06:43:46.550 menu-byte 0x140d508d0: None -> 0
06:43:46.550 off-hand: None -> 71 (mode=0)
06:43:46.602 off-hand: 71 -> 255 (mode=0)
06:43:47.105 off-hand: 255 -> 71 (mode=0)
06:43:47.156 off-hand: 71 -> 255 (mode=0)
06:43:48.667 off-hand: 255 -> 71 (mode=0)
06:43:48.718 off-hand: 71 -> 255 (mode=0)
06:43:50.180 off-hand: 255 -> 71 (mode=0)
06:43:50.231 off-hand: 71 -> 255 (mode=0)
06:43:51.741 off-hand: 255 -> 71 (mode=0)
06:43:51.792 off-hand: 71 -> 255 (mode=0)
06:43:53.254 off-hand: 255 -> 71 (mode=0)
06:43:53.306 off-hand: 71 -> 255 (mode=0)
06:43:54.766 off-hand: 255 -> 71 (mode=0)
06:43:54.817 off-hand: 71 -> 255 (mode=0)
06:43:56.227 off-hand: 255 -> 71 (mode=0)
06:43:56.277 off-hand: 71 -> 255 (mode=0)
06:43:57.737 off-hand: 255 -> 71 (mode=0)
06:43:57.788 off-hand: 71 -> 255 (mode=0)
06:43:59.248 off-hand: 255 -> 71 (mode=0)
06:43:59.299 off-hand: 71 -> 255 (mode=0)
06:44:00.760 off-hand: 255 -> 71 (mode=0)
06:44:00.811 off-hand: 71 -> 255 (mode=0)
06:44:02.273 off-hand: 255 -> 71 (mode=0)
06:44:02.324 off-hand: 71 -> 255 (mode=0)
06:44:03.785 off-hand: 255 -> 71 (mode=0)
06:44:03.836 off-hand: 71 -> 255 (mode=0)
06:44:05.248 off-hand: 255 -> 71 (mode=0)
06:44:05.299 off-hand: 71 -> 255 (mode=0)
06:44:06.759 off-hand: 255 -> 71 (mode=0)
06:44:06.809 off-hand: 71 -> 255 (mode=0)
06:44:08.271 off-hand: 255 -> 71 (mode=0)
06:44:08.321 off-hand: 71 -> 255 (mode=0)
06:44:09.731 off-hand: 255 -> 71 (mode=0)
06:44:09.782 off-hand: 71 -> 255 (mode=0)
06:44:11.242 off-hand: 255 -> 71 (mode=0)
06:44:11.293 off-hand: 71 -> 255 (mode=0)
06:44:12.754 off-hand: 255 -> 71 (mode=0)
06:44:12.805 off-hand: 71 -> 255 (mode=0)
06:44:13.107 battleMode -> 1: HOLD RELEASED after 19 clears; watching read-only
06:44:14.265 off-hand: 255 -> 71 (mode=1, supp=477)
06:44:54.493 off-hand: 71 -> 255 (mode=0, supp=477)
06:44:54.644 off-hand: 255 -> 71 (mode=0, supp=477)
06:45:43.140 watch window over
